-- Testing function pgmigrations.get_migrations_dir()
\i tests/sql/setup/init.sql
\set ECHO errors
1..1
ok 1 - should get database specific migrations directory
