-- Test function pgmigrations.stat_file()
\i tests/sql/setup/init.sql
\set ECHO errors
1..2
ok 1 - should return same result as PG_STAT_FILE for a directory
ok 2 - should return same result as PG_STAT_FILE for a file
